building the system configuration...
these 14 derivations will be built:
  /nix/store/52c6cf15fny7kmslknn185g7qbm230fi-system-path.drv
  /nix/store/rhb8lvpk521axa5bxh6nfzi7x7jnfl3v-dbus-1.drv
  /nix/store/fdwinph6hrc2cllrin6adlwb0z5ivxv9-X-Restart-Triggers-dbus-broker.drv
  /nix/store/88x4a0ng9dzx3z0vravrx32v349kf7az-unit-dbus-broker.service.drv
  /nix/store/l9j9hq5kcys08bkc71si3cwhsijialyc-home-manager-path.drv
  /nix/store/vb20mmch8f21wxawxlpaiidj08c2zhb1-activation-script.drv
  /nix/store/s6vlvxywc2yxzfy8fc9am7s21iwmwg29-home-manager-generation.drv
  /nix/store/894xzwacxgnjs3d5b8f8jadl46dngjbh-unit-home-manager-nixos.service.drv
  /nix/store/cwb4f8f76laqgp8n4ip2sf4sygcbilmp-system-units.drv
  /nix/store/slbma7bs3apmijma96ffbid2aw32ppgq-unit-dbus-broker.service.drv
  /nix/store/mmqmski47ranvimcispaknfybxsf464p-user-units.drv
  /nix/store/gk929595knzxc407ynmsmcv08dn8rfh1-etc.drv
  /nix/store/9qr0g74mbac5q3i7ad1q32ipjg9468g5-activate.drv
  /nix/store/xs0h3vhryb69k1q4xjh1wrlkwx0azjrv-nixos-system-NixOSBtw-26.05pre-git.drv
building '/nix/store/52c6cf15fny7kmslknn185g7qbm230fi-system-path.drv'...
building '/nix/store/l9j9hq5kcys08bkc71si3cwhsijialyc-home-manager-path.drv'...
structuredAttrs is enabled
structuredAttrs is enabled
created 497 symlinks in user environment
building '/nix/store/vb20mmch8f21wxawxlpaiidj08c2zhb1-activation-script.drv'...
building '/nix/store/s6vlvxywc2yxzfy8fc9am7s21iwmwg29-home-manager-generation.drv'...
building '/nix/store/894xzwacxgnjs3d5b8f8jadl46dngjbh-unit-home-manager-nixos.service.drv'...
created 6772 symlinks in user environment
install-info: warning: no info dir entry in `/nix/store/r5x7lkml026sy54zx7ln95g5qi929m9s-system-path/share/info/notes.info'
building '/nix/store/rhb8lvpk521axa5bxh6nfzi7x7jnfl3v-dbus-1.drv'...
building '/nix/store/fdwinph6hrc2cllrin6adlwb0z5ivxv9-X-Restart-Triggers-dbus-broker.drv'...
building '/nix/store/88x4a0ng9dzx3z0vravrx32v349kf7az-unit-dbus-broker.service.drv'...
building '/nix/store/slbma7bs3apmijma96ffbid2aw32ppgq-unit-dbus-broker.service.drv'...
building '/nix/store/cwb4f8f76laqgp8n4ip2sf4sygcbilmp-system-units.drv'...
building '/nix/store/mmqmski47ranvimcispaknfybxsf464p-user-units.drv'...
building '/nix/store/gk929595knzxc407ynmsmcv08dn8rfh1-etc.drv'...
building '/nix/store/9qr0g74mbac5q3i7ad1q32ipjg9468g5-activate.drv'...
building '/nix/store/xs0h3vhryb69k1q4xjh1wrlkwx0azjrv-nixos-system-NixOSBtw-26.05pre-git.drv'...
structuredAttrs is enabled
Checking switch inhibitors... done
activating the configuration...
setting up /run/booted-system...
setting up /bin...
setting up /sbin...
setting up /etc...
setting up /sbin/init shim...
reloading user units for nixos...
restarting the following user units: nixos-activation.service
restarting sysinit-reactivation.target
reloading the following units: dbus-broker.service
restarting the following units: home-manager-nixos.service
Done. The new configuration is /nix/store/5qq54njd3495ckrvc1apz74p3d4wkps0-nixos-system-NixOSBtw-26.05pre-git
